2021-08-15 18:55:22,908:root:Starting the pipeline
2021-08-15 18:55:31,229:root:Data ingestion started
2021-08-15 18:55:38,714:root:Data ingestion complete
2021-08-15 18:55:38,714:root:Date parsing commenced
2021-08-15 18:55:39,412:root:Saving the data frame as parquet format started
2021-08-15 18:55:43,062:root:Saving the data as parquet format completed
2021-08-15 18:55:43,062:root:json data ingestion started
2021-08-15 18:55:44,034:root:Data ingestion complete
2021-08-15 18:55:44,034:root:transform the file
2021-08-15 18:55:44,230:root:Saving the data frame as parquet format started
2021-08-15 18:55:45,879:root:Saving the data as parquet format completed
2021-08-15 18:55:45,879:root:Data ingestion started
2021-08-15 18:55:46,435:root:Data ingestion complete
2021-08-15 18:55:46,435:root:Data ingestion started
2021-08-15 18:55:46,692:root:Data ingestion complete
2021-08-15 18:55:46,692:root:Enrich tickets with customer details
2021-08-15 18:55:48,644:root:Saving the data frame as parquet format started
2021-08-15 18:55:49,638:root:Saving the data as parquet format completed
2021-08-15 18:55:49,638:root:Grouping by customer title and order the data with descending quantity
2021-08-15 18:55:55,090:root:listing events for each customer
2021-08-15 18:56:19,304:root:Starting the pipeline
2021-08-15 18:56:27,770:root:Data ingestion started
2021-08-15 18:56:35,407:root:Data ingestion complete
2021-08-15 18:56:35,407:root:Date parsing commenced
2021-08-15 18:56:36,011:root:Saving the data frame as parquet format started
2021-08-15 18:56:39,372:root:Saving the data as parquet format completed
2021-08-15 18:56:39,372:root:json data ingestion started
2021-08-15 18:56:40,071:root:Data ingestion complete
2021-08-15 18:56:40,071:root:transform the file
2021-08-15 18:56:40,266:root:Saving the data frame as parquet format started
2021-08-15 18:56:41,274:root:Saving the data as parquet format completed
2021-08-15 18:56:41,274:root:Data ingestion started
2021-08-15 18:56:41,821:root:Data ingestion complete
2021-08-15 18:56:41,821:root:Data ingestion started
2021-08-15 18:56:42,015:root:Data ingestion complete
2021-08-15 18:56:42,015:root:Enrich tickets with customer details
2021-08-15 18:56:43,922:root:Saving the data frame as parquet format started
2021-08-15 18:56:45,039:root:Saving the data as parquet format completed
2021-08-15 18:56:45,039:root:Grouping by customer title and order the data with descending quantity
2021-08-15 18:56:51,288:root:listing events for each customer
2021-08-15 19:30:05,556:root:Data ingestion started
2021-08-15 19:30:20,108:root:Data ingestion complete
2021-08-15 19:30:20,109:root:Data ingestion started
2021-08-15 19:30:20,351:root:Data ingestion complete
2021-08-15 19:30:20,351:root:Enrich tickets with customer details
2021-08-16 19:40:29,844:root:Data ingestion started
2021-08-16 19:40:46,071:root:Data ingestion complete
2021-08-16 19:40:46,072:root:Data ingestion started
2021-08-16 19:40:46,323:root:Data ingestion complete
2021-08-16 19:40:46,324:root:Enrich tickets with customer details
2021-08-17 09:10:50,547:root:Starting the pipeline
2021-08-17 09:11:02,542:root:Data ingestion started
2021-08-17 09:11:11,299:root:Data ingestion complete
2021-08-17 09:11:11,300:root:Date parsing commenced
2021-08-17 09:11:11,909:root:Saving the data frame as parquet format started
2021-08-17 09:11:15,815:root:Saving the data as parquet format completed
2021-08-17 09:11:15,816:root:json data ingestion started
2021-08-17 09:11:16,632:root:Data ingestion complete
2021-08-17 09:11:16,632:root:transform the file
2021-08-17 09:11:16,860:root:Saving the data frame as parquet format started
2021-08-17 09:11:18,191:root:Saving the data as parquet format completed
2021-08-17 09:11:18,191:root:Data ingestion started
2021-08-17 09:11:18,567:root:Data ingestion complete
2021-08-17 09:11:18,568:root:Data ingestion started
2021-08-17 09:11:18,836:root:Data ingestion complete
2021-08-17 09:11:18,836:root:Enrich tickets with customer details
2021-08-17 09:11:20,764:root:Saving the data frame as parquet format started
2021-08-17 09:11:21,603:root:Saving the data as parquet format completed
2021-08-17 09:11:21,604:root:Grouping by customer title and order the data with descending quantity
2021-08-17 09:11:26,807:root:listing events for each customer
2021-08-17 09:31:26,818:root:Starting the pipeline
2021-08-17 09:31:36,821:root:Data ingestion started
2021-08-17 09:31:46,349:root:Data ingestion complete
2021-08-17 09:31:46,350:root:Date parsing commenced
2021-08-17 09:31:47,076:root:Saving the data frame as parquet format started
2021-08-17 09:31:51,085:root:Saving the data as parquet format completed
2021-08-17 09:31:51,086:root:json data ingestion started
2021-08-17 09:31:51,712:root:Data ingestion complete
2021-08-17 09:31:51,713:root:transform the file
2021-08-17 09:31:51,906:root:Saving the data frame as parquet format started
2021-08-17 09:31:53,069:root:Saving the data as parquet format completed
2021-08-17 09:31:53,070:root:Data ingestion started
2021-08-17 09:31:53,707:root:Data ingestion complete
2021-08-17 09:31:53,708:root:Data ingestion started
2021-08-17 09:31:53,993:root:Data ingestion complete
2021-08-17 09:31:53,993:root:Enrich tickets with customer details
2021-08-17 09:31:56,149:root:Saving the data frame as parquet format started
2021-08-17 09:31:57,148:root:Saving the data as parquet format completed
2021-08-17 09:31:57,148:root:Grouping by customer title and order the data with descending quantity
2021-08-17 09:32:03,824:root:listing events for each customer
2021-08-17 09:33:09,869:root:Starting the pipeline
2021-08-17 09:33:21,438:root:Data ingestion started
2021-08-17 09:33:30,923:root:Data ingestion complete
2021-08-17 09:33:30,924:root:Date parsing commenced
2021-08-17 09:33:31,598:root:Saving the data frame as parquet format started
2021-08-17 09:33:35,554:root:Saving the data as parquet format completed
2021-08-17 09:33:35,554:root:json data ingestion started
2021-08-17 09:33:36,559:root:Data ingestion complete
2021-08-17 09:33:36,559:root:transform the file
2021-08-17 09:33:36,762:root:Saving the data frame as parquet format started
2021-08-17 09:33:38,058:root:Saving the data as parquet format completed
2021-08-17 09:33:38,058:root:Data ingestion started
2021-08-17 09:33:38,588:root:Data ingestion complete
2021-08-17 09:33:38,590:root:Data ingestion started
2021-08-17 09:33:38,932:root:Data ingestion complete
2021-08-17 09:33:38,932:root:Enrich tickets with customer details
2021-08-17 09:33:41,314:root:Saving the data frame as parquet format started
2021-08-17 09:33:42,610:root:Saving the data as parquet format completed
2021-08-17 09:33:42,610:root:Grouping by customer title and order the data with descending quantity
2021-08-17 09:33:48,856:root:listing events for each customer
2021-08-17 09:35:00,364:root:Starting the pipeline
2021-08-17 09:35:11,004:root:Data ingestion started
2021-08-17 09:35:20,222:root:Data ingestion complete
2021-08-17 09:35:20,223:root:Date parsing commenced
2021-08-17 09:35:20,985:root:Saving the data frame as parquet format started
2021-08-17 09:35:25,964:root:Saving the data as parquet format completed
2021-08-17 09:35:25,964:root:json data ingestion started
2021-08-17 09:35:26,731:root:Data ingestion complete
2021-08-17 09:35:26,731:root:transform the file
2021-08-17 09:35:27,014:root:Saving the data frame as parquet format started
2021-08-17 09:35:28,171:root:Saving the data as parquet format completed
2021-08-17 09:35:28,171:root:Data ingestion started
2021-08-17 09:35:28,677:root:Data ingestion complete
2021-08-17 09:35:28,677:root:Data ingestion started
2021-08-17 09:35:29,012:root:Data ingestion complete
2021-08-17 09:35:29,012:root:Enrich tickets with customer details
2021-08-17 09:35:31,289:root:Saving the data frame as parquet format started
2021-08-17 09:35:32,424:root:Saving the data as parquet format completed
2021-08-17 09:35:32,424:root:Grouping by customer title and order the data with descending quantity
2021-08-17 09:35:38,948:root:listing events for each customer
2021-08-17 09:36:30,076:root:Starting the pipeline
2021-08-17 09:36:41,118:root:Data ingestion started
2021-08-17 09:36:50,683:root:Data ingestion complete
2021-08-17 09:36:50,683:root:Date parsing commenced
2021-08-17 09:36:51,471:root:Saving the data frame as parquet format started
2021-08-17 09:36:55,293:root:Saving the data as parquet format completed
2021-08-17 09:36:55,294:root:json data ingestion started
2021-08-17 09:36:56,124:root:Data ingestion complete
2021-08-17 09:36:56,124:root:transform the file
2021-08-17 09:36:56,372:root:Saving the data frame as parquet format started
2021-08-17 09:36:57,585:root:Saving the data as parquet format completed
2021-08-17 09:36:57,585:root:Data ingestion started
2021-08-17 09:36:58,041:root:Data ingestion complete
2021-08-17 09:36:58,041:root:Data ingestion started
2021-08-17 09:36:58,326:root:Data ingestion complete
2021-08-17 09:36:58,326:root:Enrich tickets with customer details
2021-08-17 09:37:00,425:root:Saving the data frame as parquet format started
2021-08-17 09:37:01,342:root:Saving the data as parquet format completed
2021-08-17 09:37:01,342:root:Grouping by customer title and order the data with descending quantity
2021-08-17 09:37:08,233:root:listing events for each customer
2021-08-17 09:38:46,115:root:Starting the pipeline
2021-08-17 09:38:56,020:root:Data ingestion started
2021-08-17 09:39:05,707:root:Data ingestion complete
2021-08-17 09:39:05,707:root:Date parsing commenced
2021-08-17 09:39:06,421:root:Saving the data frame as parquet format started
2021-08-17 09:39:11,039:root:Saving the data as parquet format completed
2021-08-17 09:39:11,039:root:json data ingestion started
2021-08-17 09:39:11,922:root:Data ingestion complete
2021-08-17 09:39:11,923:root:transform the file
2021-08-17 09:39:12,161:root:Saving the data frame as parquet format started
2021-08-17 09:39:13,350:root:Saving the data as parquet format completed
2021-08-17 09:39:13,351:root:Data ingestion started
2021-08-17 09:39:13,880:root:Data ingestion complete
2021-08-17 09:39:13,881:root:Data ingestion started
2021-08-17 09:39:14,168:root:Data ingestion complete
2021-08-17 09:39:14,169:root:Enrich tickets with customer details
2021-08-17 09:39:16,468:root:Saving the data frame as parquet format started
2021-08-17 09:39:17,697:root:Saving the data as parquet format completed
2021-08-17 09:39:17,698:root:Grouping by customer title and order the data with descending quantity
2021-08-17 09:39:23,827:root:listing events for each customer
2021-08-17 10:34:06,864:root:Starting the pipeline
2021-08-17 10:34:17,898:root:Data ingestion started
2021-08-17 10:34:25,998:root:Data ingestion complete
2021-08-17 10:34:25,998:root:Date parsing commenced
2021-08-17 10:34:26,572:root:Saving the data frame as parquet format started
2021-08-17 10:34:30,059:root:Saving the data as parquet format completed
2021-08-17 10:34:30,059:root:json data ingestion started
2021-08-17 10:34:30,828:root:Data ingestion complete
2021-08-17 10:34:30,828:root:transform the file
2021-08-17 10:34:30,980:root:Saving the data frame as parquet format started
2021-08-17 10:34:32,272:root:Saving the data as parquet format completed
2021-08-17 10:34:32,272:root:Data ingestion started
2021-08-17 10:34:32,942:root:Data ingestion complete
2021-08-17 10:34:32,942:root:Data ingestion started
2021-08-17 10:34:33,325:root:Data ingestion complete
2021-08-17 10:34:33,330:root:Enrich tickets with customer details
2021-08-17 10:34:35,310:root:Saving the data frame as parquet format started
2021-08-17 10:34:36,376:root:Saving the data as parquet format completed
2021-08-17 10:34:36,376:root:Grouping by customer title and order the data with descending quantity
2021-08-17 10:34:41,713:root:listing events for each customer
2021-08-17 10:44:16,525:root:Starting the pipeline
2021-08-17 10:44:25,204:root:Data ingestion started
2021-08-17 10:44:33,242:root:Data ingestion complete
2021-08-17 10:44:33,242:root:Date parsing commenced
2021-08-17 10:44:33,914:root:Saving the data frame as parquet format started
2021-08-17 10:44:37,756:root:Saving the data as parquet format completed
2021-08-17 10:44:37,757:root:json data ingestion started
2021-08-17 10:44:38,696:root:Data ingestion complete
2021-08-17 10:44:38,697:root:transform the file
2021-08-17 10:44:39,121:root:Saving the data frame as parquet format started
2021-08-17 10:44:40,098:root:Saving the data as parquet format completed
2021-08-17 10:44:40,098:root:Data ingestion started
2021-08-17 10:44:40,489:root:Data ingestion complete
2021-08-17 10:44:40,489:root:Data ingestion started
2021-08-17 10:44:40,792:root:Data ingestion complete
2021-08-17 10:44:40,792:root:Enrich tickets with customer details
2021-08-17 10:44:43,157:root:Saving the data frame as parquet format started
2021-08-17 10:44:44,015:root:Saving the data as parquet format completed
2021-08-17 10:44:44,015:root:Grouping by customer title and order the data with descending quantity
2021-08-17 10:44:49,543:root:listing events for each customer
2021-08-17 11:52:19,394:root:Starting the pipeline
2021-08-17 11:52:33,285:root:Data ingestion started
2021-08-17 11:52:44,662:root:Data ingestion complete
2021-08-17 11:52:44,662:root:Date parsing commenced
2021-08-17 11:52:45,383:root:Saving the data frame as parquet format started
2021-08-17 11:52:49,923:root:Saving the data as parquet format completed
2021-08-17 11:52:49,923:root:json data ingestion started
2021-08-17 11:52:50,625:root:Data ingestion complete
2021-08-17 11:52:50,625:root:transform the file
2021-08-17 11:52:50,774:root:Saving the data frame as parquet format started
2021-08-17 11:52:51,965:root:Saving the data as parquet format completed
2021-08-17 11:52:51,965:root:Data ingestion started
2021-08-17 11:52:52,551:root:Data ingestion complete
2021-08-17 11:52:52,551:root:Data ingestion started
2021-08-17 11:52:52,851:root:Data ingestion complete
2021-08-17 11:52:52,852:root:Enrich tickets with customer details
2021-08-17 11:52:55,336:root:Saving the data frame as parquet format started
2021-08-17 11:52:56,252:root:Saving the data as parquet format completed
2021-08-17 11:52:56,252:root:Grouping by customer title and order the data with descending quantity
2021-08-17 11:53:02,884:root:listing events for each customer
2021-08-17 11:53:04,371:root:Largest Order by Quantity for each Customer
2021-08-17 11:55:07,716:root:Starting the pipeline
2021-08-17 11:55:18,369:root:Data ingestion started
2021-08-17 11:55:30,195:root:Data ingestion complete
2021-08-17 11:55:30,195:root:Date parsing commenced
2021-08-17 11:55:31,024:root:Saving the data frame as parquet format started
2021-08-17 11:55:35,339:root:Saving the data as parquet format completed
2021-08-17 11:55:35,341:root:json data ingestion started
2021-08-17 11:55:36,237:root:Data ingestion complete
2021-08-17 11:55:36,237:root:transform the file
2021-08-17 11:55:36,528:root:Saving the data frame as parquet format started
2021-08-17 11:55:37,583:root:Saving the data as parquet format completed
2021-08-17 11:55:37,583:root:Data ingestion started
2021-08-17 11:55:38,098:root:Data ingestion complete
2021-08-17 11:55:38,101:root:Data ingestion started
2021-08-17 11:55:38,436:root:Data ingestion complete
2021-08-17 11:55:38,436:root:Enrich tickets with customer details
2021-08-17 11:55:40,709:root:Saving the data frame as parquet format started
2021-08-17 11:55:41,966:root:Saving the data as parquet format completed
2021-08-17 11:55:41,967:root:Grouping by customer title and order the data with descending quantity
2021-08-17 11:55:47,785:root:listing events for each customer
2021-08-17 11:55:49,307:root:Largest Order by Quantity for each Customer
2021-08-17 11:57:13,204:root:Starting the pipeline
2021-08-17 11:57:24,080:root:Data ingestion started
2021-08-17 11:57:34,206:root:Data ingestion complete
2021-08-17 11:57:34,206:root:Date parsing commenced
2021-08-17 11:57:34,891:root:Saving the data frame as parquet format started
2021-08-17 11:57:39,135:root:Saving the data as parquet format completed
2021-08-17 11:57:39,135:root:json data ingestion started
2021-08-17 11:57:40,116:root:Data ingestion complete
2021-08-17 11:57:40,116:root:transform the file
2021-08-17 11:57:40,427:root:Saving the data frame as parquet format started
2021-08-17 11:57:41,708:root:Saving the data as parquet format completed
2021-08-17 11:57:41,720:root:Data ingestion started
2021-08-17 11:57:42,303:root:Data ingestion complete
2021-08-17 11:57:42,303:root:Data ingestion started
2021-08-17 11:57:42,633:root:Data ingestion complete
2021-08-17 11:57:42,633:root:Enrich tickets with customer details
2021-08-17 11:57:45,256:root:Saving the data frame as parquet format started
2021-08-17 11:57:46,506:root:Saving the data as parquet format completed
2021-08-17 11:57:46,507:root:Grouping by customer title and order the data with descending quantity
2021-08-17 11:57:53,047:root:listing events for each customer
2021-08-17 11:57:54,790:root:Largest Order by Quantity for each Customer
2021-08-17 11:58:29,635:root:Starting the pipeline
2021-08-17 11:58:40,176:root:Data ingestion started
2021-08-17 11:58:49,194:root:Data ingestion complete
2021-08-17 11:58:49,194:root:Date parsing commenced
2021-08-17 11:58:49,888:root:Saving the data frame as parquet format started
2021-08-17 11:58:53,768:root:Saving the data as parquet format completed
2021-08-17 11:58:53,768:root:json data ingestion started
2021-08-17 11:58:54,357:root:Data ingestion complete
2021-08-17 11:58:54,357:root:transform the file
2021-08-17 11:58:54,507:root:Saving the data frame as parquet format started
2021-08-17 11:58:55,869:root:Saving the data as parquet format completed
2021-08-17 11:58:55,869:root:Data ingestion started
2021-08-17 11:58:56,470:root:Data ingestion complete
2021-08-17 11:58:56,471:root:Data ingestion started
2021-08-17 11:58:56,888:root:Data ingestion complete
2021-08-17 11:58:56,888:root:Enrich tickets with customer details
2021-08-17 11:58:58,963:root:Saving the data frame as parquet format started
2021-08-17 11:59:00,113:root:Saving the data as parquet format completed
2021-08-17 11:59:00,114:root:Grouping by customer title and order the data with descending quantity
2021-08-17 11:59:05,996:root:listing events for each customer
2021-08-17 11:59:07,558:root:Largest Order by Quantity for each Customer
2021-08-17 13:24:06,215:root:Starting the pipeline
2021-08-17 13:24:16,439:root:Data ingestion started
2021-08-17 13:24:27,511:root:Data ingestion complete
2021-08-17 13:24:27,512:root:Date parsing commenced
2021-08-17 13:24:28,230:root:Saving the data frame as parquet format started
2021-08-17 13:24:33,004:root:Saving the data as parquet format completed
2021-08-17 13:24:33,004:root:json data ingestion started
2021-08-17 13:24:34,097:root:Data ingestion complete
2021-08-17 13:24:34,099:root:transform the file
2021-08-17 13:24:34,452:root:Saving the data frame as parquet format started
2021-08-17 13:24:35,384:root:Saving the data as parquet format completed
2021-08-17 13:24:35,385:root:Data ingestion started
2021-08-17 13:24:35,925:root:Data ingestion complete
2021-08-17 13:24:35,926:root:Data ingestion started
2021-08-17 13:24:36,374:root:Data ingestion complete
2021-08-17 13:24:36,374:root:Enrich tickets with customer details
2021-08-17 13:24:39,740:root:Saving the data frame as parquet format started
2021-08-17 13:24:41,479:root:Saving the data as parquet format completed
2021-08-17 13:24:41,479:root:Grouping by customer title and order the data with descending quantity
2021-08-17 13:24:48,115:root:listing events for each customer
2021-08-17 13:24:49,739:root:Largest Order by Quantity for each Customer
2021-08-17 13:26:53,751:root:Starting the pipeline
2021-08-17 13:27:03,545:root:Data ingestion started
2021-08-17 13:27:13,619:root:Data ingestion complete
2021-08-17 13:27:13,620:root:Date parsing commenced
2021-08-17 13:27:14,320:root:Saving the data frame as parquet format started
2021-08-17 13:27:18,365:root:Saving the data as parquet format completed
2021-08-17 13:27:18,368:root:json data ingestion started
2021-08-17 13:27:19,048:root:Data ingestion complete
2021-08-17 13:27:19,048:root:transform the file
2021-08-17 13:27:19,363:root:Saving the data frame as parquet format started
2021-08-17 13:27:20,317:root:Saving the data as parquet format completed
2021-08-17 13:27:20,318:root:Data ingestion started
2021-08-17 13:27:20,818:root:Data ingestion complete
2021-08-17 13:27:20,818:root:Data ingestion started
2021-08-17 13:27:21,070:root:Data ingestion complete
2021-08-17 13:27:21,071:root:Enrich tickets with customer details
2021-08-17 13:27:23,430:root:Saving the data frame as parquet format started
2021-08-17 13:27:24,235:root:Saving the data as parquet format completed
2021-08-17 13:27:24,235:root:Grouping by customer title and order the data with descending quantity
2021-08-17 13:27:30,207:root:listing events for each customer
2021-08-17 13:27:32,639:root:Largest Order by Quantity for each Customer
2021-08-17 13:27:33,500:root:Starting the pipeline
2021-08-17 13:27:47,188:root:Data ingestion started
2021-08-17 13:27:58,566:root:Data ingestion complete
2021-08-17 13:27:58,567:root:Date parsing commenced
2021-08-17 13:27:59,290:root:Saving the data frame as parquet format started
2021-08-17 13:28:03,324:root:Saving the data as parquet format completed
2021-08-17 13:28:03,324:root:json data ingestion started
2021-08-17 13:28:04,067:root:Data ingestion complete
2021-08-17 13:28:04,068:root:transform the file
2021-08-17 13:28:04,297:root:Saving the data frame as parquet format started
2021-08-17 13:28:05,728:root:Saving the data as parquet format completed
2021-08-17 13:28:05,728:root:Data ingestion started
2021-08-17 13:28:06,261:root:Data ingestion complete
2021-08-17 13:28:06,261:root:Data ingestion started
2021-08-17 13:28:06,555:root:Data ingestion complete
2021-08-17 13:28:06,555:root:Enrich tickets with customer details
2021-08-17 13:28:06,861:root:Grouping by customer title and order the data with descending quantity
2021-08-17 13:28:13,503:root:listing events for each customer
2021-08-17 13:28:15,087:root:Largest Order by Quantity for each Customer
2021-08-17 13:36:08,117:root:Starting the pipeline
2021-08-17 13:36:17,002:root:Data ingestion started
2021-08-17 13:36:25,590:root:Data ingestion complete
2021-08-17 13:36:25,590:root:Date parsing commenced
2021-08-17 13:36:26,316:root:Saving the data frame as parquet format started
2021-08-17 13:36:30,231:root:Saving the data as parquet format completed
2021-08-17 13:36:30,232:root:json data ingestion started
2021-08-17 13:36:30,888:root:Data ingestion complete
2021-08-17 13:36:30,888:root:transform the file
2021-08-17 13:36:31,147:root:Saving the data frame as parquet format started
2021-08-17 13:36:32,298:root:Saving the data as parquet format completed
2021-08-17 13:36:32,298:root:Data ingestion started
2021-08-17 13:36:32,822:root:Data ingestion complete
2021-08-17 13:36:32,822:root:Data ingestion started
2021-08-17 13:36:33,146:root:Data ingestion complete
2021-08-17 13:36:33,146:root:Enrich tickets with customer details
2021-08-17 13:36:33,479:root:Grouping by customer title and order the data with descending quantity
2021-08-17 13:36:40,418:root:listing events for each customer
2021-08-17 13:36:41,934:root:Largest Order by Quantity for each Customer
2021-08-17 13:44:08,091:root:Starting the pipeline
2021-08-17 13:44:17,629:root:Data ingestion started
2021-08-17 13:44:26,046:root:Data ingestion complete
2021-08-17 13:44:26,046:root:Date parsing commenced
2021-08-17 13:44:26,753:root:Saving the data frame as parquet format started
2021-08-17 13:44:30,658:root:Saving the data as parquet format completed
2021-08-17 13:44:30,659:root:json data ingestion started
2021-08-17 13:44:31,283:root:Data ingestion complete
2021-08-17 13:44:31,284:root:transform the file
2021-08-17 13:44:31,482:root:Saving the data frame as parquet format started
2021-08-17 13:44:32,541:root:Saving the data as parquet format completed
2021-08-17 13:44:32,541:root:Data ingestion started
2021-08-17 13:44:33,230:root:Data ingestion complete
2021-08-17 13:44:33,231:root:Data ingestion started
2021-08-17 13:44:33,555:root:Data ingestion complete
2021-08-17 13:44:33,555:root:Enrich tickets with customer details
2021-08-17 13:44:33,981:root:Grouping by customer title and order the data with descending quantity
2021-08-17 13:44:40,035:root:listing events for each customer
2021-08-17 13:44:41,833:root:Largest Order by Quantity for each Customer
2021-08-17 13:49:47,385:root:Starting the pipeline
2021-08-17 13:49:57,741:root:Data ingestion started
2021-08-17 13:50:06,574:root:Data ingestion complete
2021-08-17 13:50:06,575:root:Date parsing commenced
2021-08-17 13:50:07,278:root:Saving the data frame as parquet format started
2021-08-17 13:50:11,323:root:Saving the data as parquet format completed
2021-08-17 13:50:11,324:root:json data ingestion started
2021-08-17 13:50:12,450:root:Data ingestion complete
2021-08-17 13:50:12,450:root:transform the file
2021-08-17 13:50:12,676:root:Saving the data frame as parquet format started
2021-08-17 13:50:13,764:root:Saving the data as parquet format completed
2021-08-17 13:50:13,765:root:Data ingestion started
2021-08-17 13:50:14,255:root:Data ingestion complete
2021-08-17 13:50:14,255:root:Data ingestion started
2021-08-17 13:50:14,516:root:Data ingestion complete
2021-08-17 13:50:14,516:root:Enrich tickets with customer details
2021-08-17 13:50:15,067:root:Grouping by customer title and order the data with descending quantity
2021-08-17 13:50:21,319:root:listing events for each customer
2021-08-17 13:50:22,776:root:Largest Order by Quantity for each Customer
2021-08-17 13:50:22,883:root:Saving the data frame as parquet format started
2021-08-17 13:50:24,121:root:An error ocurred while persisting dataAn error occurred while calling o137.csv.
: org.apache.spark.SparkException: Job aborted.
	at org.apache.spark.sql.execution.datasources.FileFormatWriter$.write(FileFormatWriter.scala:226)
	at org.apache.spark.sql.execution.datasources.InsertIntoHadoopFsRelationCommand.run(InsertIntoHadoopFsRelationCommand.scala:178)
	at org.apache.spark.sql.execution.command.DataWritingCommandExec.sideEffectResult$lzycompute(commands.scala:108)
	at org.apache.spark.sql.execution.command.DataWritingCommandExec.sideEffectResult(commands.scala:106)
	at org.apache.spark.sql.execution.command.DataWritingCommandExec.doExecute(commands.scala:131)
	at org.apache.spark.sql.execution.SparkPlan.$anonfun$execute$1(SparkPlan.scala:175)
	at org.apache.spark.sql.execution.SparkPlan.$anonfun$executeQuery$1(SparkPlan.scala:213)
	at org.apache.spark.rdd.RDDOperationScope$.withScope(RDDOperationScope.scala:151)
	at org.apache.spark.sql.execution.SparkPlan.executeQuery(SparkPlan.scala:210)
	at org.apache.spark.sql.execution.SparkPlan.execute(SparkPlan.scala:171)
	at org.apache.spark.sql.execution.QueryExecution.toRdd$lzycompute(QueryExecution.scala:122)
	at org.apache.spark.sql.execution.QueryExecution.toRdd(QueryExecution.scala:121)
	at org.apache.spark.sql.DataFrameWriter.$anonfun$runCommand$1(DataFrameWriter.scala:944)
	at org.apache.spark.sql.execution.SQLExecution$.$anonfun$withNewExecutionId$5(SQLExecution.scala:100)
	at org.apache.spark.sql.execution.SQLExecution$.withSQLConfPropagated(SQLExecution.scala:160)
	at org.apache.spark.sql.execution.SQLExecution$.$anonfun$withNewExecutionId$1(SQLExecution.scala:87)
	at org.apache.spark.sql.SparkSession.withActive(SparkSession.scala:763)
	at org.apache.spark.sql.execution.SQLExecution$.withNewExecutionId(SQLExecution.scala:64)
	at org.apache.spark.sql.DataFrameWriter.runCommand(DataFrameWriter.scala:944)
	at org.apache.spark.sql.DataFrameWriter.saveToV1Source(DataFrameWriter.scala:396)
	at org.apache.spark.sql.DataFrameWriter.save(DataFrameWriter.scala:380)
	at org.apache.spark.sql.DataFrameWriter.save(DataFrameWriter.scala:269)
	at org.apache.spark.sql.DataFrameWriter.csv(DataFrameWriter.scala:934)
	at sun.reflect.NativeMethodAccessorImpl.invoke0(Native Method)
	at sun.reflect.NativeMethodAccessorImpl.invoke(NativeMethodAccessorImpl.java:62)
	at sun.reflect.DelegatingMethodAccessorImpl.invoke(DelegatingMethodAccessorImpl.java:43)
	at java.lang.reflect.Method.invoke(Method.java:498)
	at py4j.reflection.MethodInvoker.invoke(MethodInvoker.java:244)
	at py4j.reflection.ReflectionEngine.invoke(ReflectionEngine.java:357)
	at py4j.Gateway.invoke(Gateway.java:282)
	at py4j.commands.AbstractCommand.invokeMethod(AbstractCommand.java:132)
	at py4j.commands.CallCommand.execute(CallCommand.java:79)
	at py4j.GatewayConnection.run(GatewayConnection.java:238)
	at java.lang.Thread.run(Thread.java:748)
Caused by: org.apache.spark.SparkException: Job aborted due to stage failure: Task 0 in stage 19.0 failed 1 times, most recent failure: Lost task 0.0 in stage 19.0 (TID 220, 172.22.196.85, executor driver): java.io.IOException: Mkdirs failed to create file:/output/largest_oder.csv/_temporary/0/_temporary/attempt_20210817135023_0019_m_000000_220 (exists=false, cwd=file:/home/wellington/repos/Data_insights)
	at org.apache.hadoop.fs.ChecksumFileSystem.create(ChecksumFileSystem.java:455)
	at org.apache.hadoop.fs.ChecksumFileSystem.create(ChecksumFileSystem.java:440)
	at org.apache.hadoop.fs.FileSystem.create(FileSystem.java:911)
	at org.apache.hadoop.fs.FileSystem.create(FileSystem.java:892)
	at org.apache.hadoop.fs.FileSystem.create(FileSystem.java:789)
	at org.apache.spark.sql.execution.datasources.CodecStreams$.createOutputStream(CodecStreams.scala:81)
	at org.apache.spark.sql.execution.datasources.CodecStreams$.createOutputStreamWriter(CodecStreams.scala:92)
	at org.apache.spark.sql.execution.datasources.csv.CsvOutputWriter.<init>(CsvOutputWriter.scala:38)
	at org.apache.spark.sql.execution.datasources.csv.CSVFileFormat$$anon$1.newInstance(CSVFileFormat.scala:84)
	at org.apache.spark.sql.execution.datasources.SingleDirectoryDataWriter.newOutputWriter(FileFormatDataWriter.scala:126)
	at org.apache.spark.sql.execution.datasources.SingleDirectoryDataWriter.<init>(FileFormatDataWriter.scala:111)
	at org.apache.spark.sql.execution.datasources.FileFormatWriter$.executeTask(FileFormatWriter.scala:264)
	at org.apache.spark.sql.execution.datasources.FileFormatWriter$.$anonfun$write$15(FileFormatWriter.scala:205)
	at org.apache.spark.scheduler.ResultTask.runTask(ResultTask.scala:90)
	at org.apache.spark.scheduler.Task.run(Task.scala:127)
	at org.apache.spark.executor.Executor$TaskRunner.$anonfun$run$3(Executor.scala:444)
	at org.apache.spark.util.Utils$.tryWithSafeFinally(Utils.scala:1377)
	at org.apache.spark.executor.Executor$TaskRunner.run(Executor.scala:447)
	at java.util.concurrent.ThreadPoolExecutor.runWorker(ThreadPoolExecutor.java:1149)
	at java.util.concurrent.ThreadPoolExecutor$Worker.run(ThreadPoolExecutor.java:624)
	at java.lang.Thread.run(Thread.java:748)

Driver stacktrace:
	at org.apache.spark.scheduler.DAGScheduler.failJobAndIndependentStages(DAGScheduler.scala:2023)
	at org.apache.spark.scheduler.DAGScheduler.$anonfun$abortStage$2(DAGScheduler.scala:1972)
	at org.apache.spark.scheduler.DAGScheduler.$anonfun$abortStage$2$adapted(DAGScheduler.scala:1971)
	at scala.collection.mutable.ResizableArray.foreach(ResizableArray.scala:62)
	at scala.collection.mutable.ResizableArray.foreach$(ResizableArray.scala:55)
	at scala.collection.mutable.ArrayBuffer.foreach(ArrayBuffer.scala:49)
	at org.apache.spark.scheduler.DAGScheduler.abortStage(DAGScheduler.scala:1971)
	at org.apache.spark.scheduler.DAGScheduler.$anonfun$handleTaskSetFailed$1(DAGScheduler.scala:950)
	at org.apache.spark.scheduler.DAGScheduler.$anonfun$handleTaskSetFailed$1$adapted(DAGScheduler.scala:950)
	at scala.Option.foreach(Option.scala:407)
	at org.apache.spark.scheduler.DAGScheduler.handleTaskSetFailed(DAGScheduler.scala:950)
	at org.apache.spark.scheduler.DAGSchedulerEventProcessLoop.doOnReceive(DAGScheduler.scala:2203)
	at org.apache.spark.scheduler.DAGSchedulerEventProcessLoop.onReceive(DAGScheduler.scala:2152)
	at org.apache.spark.scheduler.DAGSchedulerEventProcessLoop.onReceive(DAGScheduler.scala:2141)
	at org.apache.spark.util.EventLoop$$anon$1.run(EventLoop.scala:49)
	at org.apache.spark.scheduler.DAGScheduler.runJob(DAGScheduler.scala:752)
	at org.apache.spark.SparkContext.runJob(SparkContext.scala:2093)
	at org.apache.spark.sql.execution.datasources.FileFormatWriter$.write(FileFormatWriter.scala:195)
	... 33 more
Caused by: java.io.IOException: Mkdirs failed to create file:/output/largest_oder.csv/_temporary/0/_temporary/attempt_20210817135023_0019_m_000000_220 (exists=false, cwd=file:/home/wellington/repos/Data_insights)
	at org.apache.hadoop.fs.ChecksumFileSystem.create(ChecksumFileSystem.java:455)
	at org.apache.hadoop.fs.ChecksumFileSystem.create(ChecksumFileSystem.java:440)
	at org.apache.hadoop.fs.FileSystem.create(FileSystem.java:911)
	at org.apache.hadoop.fs.FileSystem.create(FileSystem.java:892)
	at org.apache.hadoop.fs.FileSystem.create(FileSystem.java:789)
	at org.apache.spark.sql.execution.datasources.CodecStreams$.createOutputStream(CodecStreams.scala:81)
	at org.apache.spark.sql.execution.datasources.CodecStreams$.createOutputStreamWriter(CodecStreams.scala:92)
	at org.apache.spark.sql.execution.datasources.csv.CsvOutputWriter.<init>(CsvOutputWriter.scala:38)
	at org.apache.spark.sql.execution.datasources.csv.CSVFileFormat$$anon$1.newInstance(CSVFileFormat.scala:84)
	at org.apache.spark.sql.execution.datasources.SingleDirectoryDataWriter.newOutputWriter(FileFormatDataWriter.scala:126)
	at org.apache.spark.sql.execution.datasources.SingleDirectoryDataWriter.<init>(FileFormatDataWriter.scala:111)
	at org.apache.spark.sql.execution.datasources.FileFormatWriter$.executeTask(FileFormatWriter.scala:264)
	at org.apache.spark.sql.execution.datasources.FileFormatWriter$.$anonfun$write$15(FileFormatWriter.scala:205)
	at org.apache.spark.scheduler.ResultTask.runTask(ResultTask.scala:90)
	at org.apache.spark.scheduler.Task.run(Task.scala:127)
	at org.apache.spark.executor.Executor$TaskRunner.$anonfun$run$3(Executor.scala:444)
	at org.apache.spark.util.Utils$.tryWithSafeFinally(Utils.scala:1377)
	at org.apache.spark.executor.Executor$TaskRunner.run(Executor.scala:447)
	at java.util.concurrent.ThreadPoolExecutor.runWorker(ThreadPoolExecutor.java:1149)
	at java.util.concurrent.ThreadPoolExecutor$Worker.run(ThreadPoolExecutor.java:624)
	... 1 more

2021-08-17 13:50:24,121:root:Saving the data as parquet format completed
2021-08-17 13:51:54,039:root:Starting the pipeline
2021-08-17 13:52:05,104:root:Data ingestion started
2021-08-17 13:52:13,785:root:Data ingestion complete
2021-08-17 13:52:13,785:root:Date parsing commenced
2021-08-17 13:52:14,465:root:Saving the data frame as parquet format started
2021-08-17 13:52:18,588:root:Saving the data as parquet format completed
2021-08-17 13:52:18,588:root:json data ingestion started
2021-08-17 13:52:19,250:root:Data ingestion complete
2021-08-17 13:52:19,250:root:transform the file
2021-08-17 13:52:19,414:root:Saving the data frame as parquet format started
2021-08-17 13:52:20,601:root:Saving the data as parquet format completed
2021-08-17 13:52:20,601:root:Data ingestion started
2021-08-17 13:52:21,113:root:Data ingestion complete
2021-08-17 13:52:21,113:root:Data ingestion started
2021-08-17 13:52:21,418:root:Data ingestion complete
2021-08-17 13:52:21,418:root:Enrich tickets with customer details
2021-08-17 13:52:21,701:root:Grouping by customer title and order the data with descending quantity
2021-08-17 13:52:27,661:root:listing events for each customer
2021-08-17 13:52:29,379:root:Largest Order by Quantity for each Customer
2021-08-17 13:52:29,552:root:Saving the data frame as parquet format started
2021-08-17 13:52:32,751:root:Saving the data as parquet format completed
2021-08-17 14:17:39,494:root:Starting the pipeline
2021-08-17 14:17:52,055:root:Data ingestion started
2021-08-17 14:18:00,917:root:Data ingestion complete
2021-08-17 14:18:00,917:root:Date parsing commenced
2021-08-17 14:18:01,612:root:Saving the data frame as parquet format started
2021-08-17 14:18:05,667:root:Saving the data as parquet format completed
2021-08-17 14:18:05,668:root:json data ingestion started
2021-08-17 14:18:06,687:root:Data ingestion complete
2021-08-17 14:18:06,687:root:transform the file
2021-08-17 14:18:06,866:root:Saving the data frame as parquet format started
2021-08-17 14:18:07,683:root:Saving the data as parquet format completed
2021-08-17 14:18:07,683:root:Data ingestion started
2021-08-17 14:18:08,173:root:Data ingestion complete
2021-08-17 14:18:08,173:root:Data ingestion started
2021-08-17 14:18:08,444:root:Data ingestion complete
2021-08-17 14:18:08,445:root:Enrich tickets with customer details
2021-08-17 14:18:10,658:root:Grouping by customer title and order the data with descending quantity
2021-08-17 14:18:16,433:root:listing events for each customer
2021-08-17 14:18:17,872:root:Largest Order by Quantity for each Customer
2021-08-17 14:18:17,983:root:Saving the data frame as parquet format started
2021-08-17 14:18:20,464:root:Saving the data as parquet format completed
2021-08-17 14:20:41,369:root:Starting the pipeline
2021-08-17 14:20:50,108:root:Data ingestion started
2021-08-17 14:20:58,835:root:Data ingestion complete
2021-08-17 14:20:58,835:root:Date parsing commenced
2021-08-17 14:20:59,539:root:Saving the data frame as parquet format started
2021-08-17 14:21:03,059:root:Saving the data as parquet format completed
2021-08-17 14:21:03,060:root:json data ingestion started
2021-08-17 14:21:03,985:root:Data ingestion complete
2021-08-17 14:21:03,985:root:transform the file
2021-08-17 14:21:04,196:root:Saving the data frame as parquet format started
2021-08-17 14:21:05,284:root:Saving the data as parquet format completed
2021-08-17 14:21:05,284:root:Data ingestion started
2021-08-17 14:21:05,814:root:Data ingestion complete
2021-08-17 14:21:05,814:root:Data ingestion started
2021-08-17 14:21:06,110:root:Data ingestion complete
2021-08-17 14:21:06,110:root:Enrich tickets with customer details
2021-08-17 14:21:08,220:root:Grouping by customer title and order the data with descending quantity
2021-08-17 14:21:13,629:root:listing events for each customer
2021-08-17 14:21:15,052:root:Largest Order by Quantity for each Customer
2021-08-17 14:21:15,155:root:Saving the data frame as parquet format started
2021-08-17 14:21:17,507:root:Saving the data as parquet format completed
2021-08-21 20:13:47,716:root:Starting the pipeline
2021-08-21 20:13:58,001:root:Data ingestion started
2021-08-21 20:14:04,001:root:Data ingestion complete
2021-08-21 20:14:04,001:root:Data ingestion started
2021-08-21 20:14:04,284:root:Data ingestion complete
2021-08-21 20:14:04,284:root:Enrich tickets with customer details
2021-08-21 20:14:08,854:root:Grouping by customer title and order the data with descending quantity
2021-08-21 20:14:14,480:root:listing events for each customer
2021-08-21 20:14:15,906:root:Largest Order by Quantity for each Customer
2021-08-21 20:31:08,901:root:Starting the pipeline
2021-08-21 20:31:19,629:root:Data ingestion started
2021-08-21 20:31:24,987:root:Data ingestion complete
2021-08-21 20:31:24,987:root:Data ingestion started
2021-08-21 20:31:25,201:root:Data ingestion complete
2021-08-21 20:31:25,201:root:Enrich tickets with customer details
2021-08-21 20:31:28,686:root:Grouping by customer title and order the data with descending quantity
2021-08-21 20:31:34,816:root:listing events for each customer
2021-08-21 20:31:35,971:root:Largest Order by Quantity for each Customer
2021-08-21 20:31:39,071:root:Saving the data frame as parquet format started
2021-08-21 20:31:43,895:root:Saving the data as parquet format completed
2021-08-21 20:33:45,669:root:Starting the pipeline
2021-08-21 20:33:53,875:root:Data ingestion started
2021-08-21 20:34:06,688:root:Data ingestion complete
2021-08-21 20:34:06,689:root:Data ingestion started
2021-08-21 20:34:06,905:root:Data ingestion complete
2021-08-21 20:34:06,905:root:Enrich tickets with customer details
2021-08-21 20:34:10,482:root:Grouping by customer title and order the data with descending quantity
2021-08-21 20:34:14,535:root:listing events for each customer
2021-08-21 20:34:16,571:root:Largest Order by Quantity for each Customer
2021-08-21 20:34:17,417:root:Saving the data frame as parquet format started
2021-08-21 20:34:23,967:root:Saving the data as parquet format completed
2021-08-21 20:35:41,533:root:Starting the pipeline
2021-08-21 20:35:49,744:root:Data ingestion started
2021-08-21 20:35:54,748:root:Data ingestion complete
2021-08-21 20:35:54,748:root:Data ingestion started
2021-08-21 20:35:54,986:root:Data ingestion complete
2021-08-21 20:35:54,986:root:Enrich tickets with customer details
2021-08-21 20:36:02,677:root:Grouping by customer title and order the data with descending quantity
2021-08-21 20:36:07,291:root:listing events for each customer
2021-08-21 20:36:08,459:root:Largest Order by Quantity for each Customer
2021-08-21 20:36:09,454:root:Saving the data frame as parquet format started
2021-08-21 20:36:11,720:root:Saving the data as parquet format completed
2021-08-21 20:40:50,911:root:Starting the pipeline
2021-08-21 20:40:58,511:root:Data ingestion started
2021-08-21 20:41:03,596:root:Data ingestion complete
2021-08-21 20:41:03,596:root:Data ingestion started
2021-08-21 20:41:03,812:root:Data ingestion complete
2021-08-21 20:41:03,812:root:Enrich tickets with customer details
2021-08-21 20:41:07,299:root:Grouping by customer title and order the data with descending quantity
2021-08-21 20:41:12,920:root:listing events for each customer
2021-08-21 20:41:14,037:root:Largest Order by Quantity for each Customer
2021-08-21 20:41:15,058:root:Saving the data frame as parquet format started
2021-08-21 20:41:17,215:root:Saving the data as parquet format completed
2021-08-21 20:49:20,758:root:Starting the pipeline
2021-08-21 20:49:28,830:root:Data ingestion started
2021-08-21 20:49:33,710:root:Data ingestion complete
2021-08-21 20:49:33,710:root:Data ingestion started
2021-08-21 20:49:33,940:root:Data ingestion complete
2021-08-21 20:49:33,940:root:Enrich tickets with customer details
2021-08-21 20:49:38,336:root:Saving the data frame as parquet format started
2021-08-21 20:49:39,801:root:Saving the data as parquet format completed
2021-08-21 20:49:39,801:root:Grouping by customer title and order the data with descending quantity
2021-08-21 20:49:44,534:root:listing events for each customer
2021-08-21 20:49:45,687:root:Largest Order by Quantity for each Customer
2021-08-21 20:49:46,617:root:Saving the data frame as parquet format started
2021-08-21 20:49:48,622:root:Saving the data as parquet format completed
2021-08-22 06:23:59,571:root:Starting the pipeline
2021-08-22 06:24:08,590:root:Data ingestion started
2021-08-22 06:24:13,796:root:Data ingestion complete
2021-08-22 06:24:13,797:root:Data ingestion started
2021-08-22 06:24:14,007:root:Data ingestion complete
2021-08-22 06:24:14,007:root:Enrich tickets with customer details
2021-08-22 06:24:18,515:root:Saving the data frame as parquet format started
2021-08-22 06:24:19,954:root:Saving the data as parquet format completed
2021-08-22 06:24:19,954:root:Grouping by customer title and order the data with descending quantity
2021-08-22 06:24:24,740:root:listing events for each customer
2021-08-22 06:24:25,838:root:Largest Order by Quantity for each Customer
2021-08-22 06:24:26,897:root:Saving the data frame as parquet format started
2021-08-22 06:24:28,751:root:Saving the data as parquet format completed
2021-08-22 08:05:46,545:root:Starting the pipeline
2021-08-22 08:05:58,197:root:Data ingestion started
2021-08-22 08:06:03,190:root:Data ingestion complete
2021-08-22 08:06:03,190:root:Data ingestion started
2021-08-22 08:06:03,383:root:Data ingestion complete
2021-08-22 08:06:03,383:root:Enrich tickets with customer details
2021-08-22 08:06:08,208:root:Saving the data frame as parquet format started
2021-08-22 08:06:09,640:root:Saving the data as parquet format completed
2021-08-22 08:06:09,640:root:Grouping by customer title and order the data with descending quantity
2021-08-22 08:06:14,366:root:listing events for each customer
2021-08-22 08:06:15,459:root:Largest Order by Quantity for each Customer
